ACT_IS_NPC			1		 
ACT_SENTINEL			  2		   
ACT_SCAVENGER			   4		    
ACT_AGGRESSIVE			   32		     
ACT_STAY_AREA			  64		    
ACT_WIMPY		     128		
ACT_PET				   256		      
ACT_TRAIN		     512		
ACT_PRACTICE		       1024		   
ACT_CRITICAL		   2048		
ACT_HARD_DIS		   4096		
ACT_HUNT		   8192		
ACT_DUAL		 16384		
ACT_MOVED		 131072		
ACT_TACTICS		 262144		
ACT_TRACK		 524288		
ACT_REGENERACY		 1048576	
ACT_GAMBLE		 2097152 	
ACT_BANKER     		 4194304	
ACT_MOB_AI			8388608		
ACT_REFLEXION		 16777216	
ACT_NOPAR	    33554432 
ACT_IGNORE_NOMOB    67108864
ACT_MPROG_DEATH	    134217728	
ACT_SMITH	268435456

SEX_MALE	1
SEX_FEMALE	2
SEX_NEUTRAL	3

MAG		1
CLE		2
THI		4
WAR		8
BAR		16
WIZ		32
ALC		64
SAV		128
BIS		256
ASN		512
NIN		1024
KNI		2048
SWD		4096
MON		8192
SHM		16384
SOR		32768
LOD		65536
RAN		131072
WRD		262144
MAR		524288
ALLOW_BIT	1048576
DENY_BIT	2097152

HUMAN		1
ELF		2
DWARF		4
ORC		8
HOBBIT		16
IMP		32
GNOME		64
DROW		128
VAMPIRE		256
BEHOLDER	512
LIZARDMAN	1024


ROOM_DARK		       1
ROOM_NO_MOB			 4
ROOM_INDOORS			  8
ROOM_UNDERGROUND	     16
ROOM_PRIVATE			512
ROOM_SAFE		    1024
ROOM_SOLITARY			2048
ROOM_PET_SHOP			4096
ROOM_NO_RECALL			 8192
ROOM_CONE_OF_SILENCE	  16384
ROOM_SUMMON_BIT	  	65536
ROOM_AUCTION           131072 
ROOM_SAVE		262144
ROOM_NO_TELEPORT	524288
ROOM_NO_TELEPORT_TO	1048576
ROOM_PK			2097152


ITEM_TAKE		       1
ITEM_WEAR_FINGER	      2
ITEM_WEAR_NECK			    4
ITEM_WEAR_BODY			    8
ITEM_WEAR_HEAD			   16
ITEM_WEAR_LEGS			   32
ITEM_WEAR_FEET			   64
ITEM_WEAR_HANDS			   128 
ITEM_WEAR_ARMS			  256
ITEM_WEAR_SHIELD	    512
ITEM_WEAR_ABOUT			  1024 
ITEM_WEAR_WAIST			  2048
ITEM_WEAR_WRIST			  4096
ITEM_WIELD		     8192
ITEM_HOLD		   16384
ITEM_TWO_HAND		   32768
ITEM_WEAR_ARROW		   65536

APPLY_NONE			0
APPLY_STR		       1
APPLY_DEX		       2
APPLY_INT		       3
APPLY_WIS		       4
APPLY_CON		       5
APPLY_SEX		       6
APPLY_CLASS			 7
APPLY_LEVEL			 8
APPLY_AGE		       9
APPLY_HEIGHT			 10
APPLY_WEIGHT			 11
APPLY_MANA		       12
APPLY_HIT		      13
APPLY_MOVE		       14
APPLY_GOLD		       15
APPLY_EXP		      16
APPLY_AC		     17
APPLY_HITROLL			  18
APPLY_DAMROLL			  19
APPLY_SAVING_PARA	      20
APPLY_SAVING_ROD	     21
APPLY_SAVING_PETRI	       22
APPLY_SAVING_BREATH		23
APPLY_SAVING_SPELL	       24
APPLY_SAVING_ANCIENT     25
APPLY_SAVING_SPIRIT	     26
APPLY_SAVING_FIRE	     27
APPLY_SAVING_COLD	     28
APPLY_SAVING_LIGHTNING   29
APPLY_SAVING_EARTH	     30
APPLY_SAVING_WIND	     31
APPLY_SAVING_SAINT	     32
APPLY_SAVING_DARK	     33
APPLY_SAVING_POISON	     34
APPLY_SAVING_NATURE	     35
APPLY_SAVING_GOOD	     36
APPLY_SAVING_EVIL	     37
APPLY_RACE		     38
APPLY_DODGE		     39
APPLY_POWER_POTENTIAL     40
APPLY_RDAMAGE	    41
APPLY_RMAGIC	    42


HP_WEAR	    1
HP_FIGHT    2
HP_WEAPON   4
HP_BLOCK    8
HP_ARROW    16
HP_REMOVE   32
HP_DART	    64


ITEM_LIGHT			1
ITEM_SCROLL			 2
ITEM_WAND		       3
ITEM_STAFF			4
ITEM_WEAPON			 5
ITEM_TREASURE			   8
ITEM_ARMOR			9
ITEM_POTION			10
ITEM_FURNITURE			   12
ITEM_TRASH		       13
ITEM_CONTAINER			   15
ITEM_DRINK_CON			   17
ITEM_KEY		     18
ITEM_FOOD		      19
ITEM_MONEY		       20
ITEM_BOAT		      22
ITEM_CORPSE_NPC			    23
ITEM_CORPSE_PC			   24
ITEM_FOUNTAIN			  25
ITEM_PILL		      26
ITEM_ARROW		      27
ITEM_DART		28
ITEM_HORSE		29

ITEM_GLOW		       1
ITEM_HUM		      2
ITEM_DARK		       4
ITEM_LOCK		       8
ITEM_EVIL		      16
ITEM_INVIS		       32
ITEM_MAGIC		       64
ITEM_NODROP		       128
ITEM_BLESS		      256
ITEM_ANTI_GOOD			  512
ITEM_ANTI_EVIL			 1024
ITEM_ANTI_NEUTRAL	    2048
ITEM_NOREMOVE			4096
ITEM_INVENTORY			 8192
ITEM_NOSAVE		  16384
ITEM_VAMPIRE_BANE	  32768
ITEM_HOLY		  65536
ITEM_POISONED		 131072
ITEM_REMOVE_NODROP	 262144
ITEM_DONATION_PIT	 524288

NO_DM		1
NO_LORE		2
NO_BLIND	4
NO_CHARM	8
NO_CURSE	16
NO_FAEFIRE	32
NO_POISON	64
NO_SLEEP	128
DAM_HALF	256
ANTI_MAGIC	512
REF_MAGIC	1024
ALY_SAN		2048
ALY_INVIS	4096
ALY_HIDE	8192
ALY_SNEAK	16384
ALY_DI		32768
ALY_DH		65536
ALY_INF		131072
ALY_BAR		262144
NO_TARDY	524288
NO_MUTE		1048576
NO_SEALMAGIC	2097152
EXPERT		4194304
NO_CRAZY	8388608
MOBAI_LV2       16777216
MOBAI_LV3       33554432


AFF_BLIND		       1
AFF_INVISIBLE			   2
AFF_DETECT_EVIL			     4
AFF_DETECT_INVIS	      8
AFF_DETECT_MAGIC	     16
AFF_DETECT_HIDDEN	      32
AFF_HOLD		     64
AFF_SANCTUARY			 128
AFF_FAERIE_FIRE			   256
AFF_INFRARED			512
AFF_CURSE		    1024
AFF_CHANGE_SEX			 2048
AFF_POISON		     4096
AFF_PROTECT		      8192
AFF_POLYMORPH		       16384
AFF_SNEAK		   32768
AFF_HIDE		  65536
AFF_SLEEP		  131072
AFF_CHARM		  262144
AFF_FLYING		   524288
AFF_PASS_DOOR		     1048576
AFF_WATERWALK		2097152
AFF_SUMMONED		4194304
AFF_MUTE		8388608
AFF_SEAL_MAGIC		16777216
AFF_VAMP_BITE	       33554432
AFF_GHOUL	       67108864
AFF_FLAMING	      134217728
AFF_PARALYZED	      268435456
AFF_CRAZY	      536870912

AFF_NIGHTSTALK		2147483648
AFF_DARK_RAID		4294967296
AFF_MANA_SHIELD		8589934592
AFF_GILLS	        17179869184
AFF_TARDY	        34359738368
AFF_MYSTIC_MIRROR	68719476736
AFF_MYSTIC_ARMOR	137438953472
AFF_MEDITATING		274877906944

EX_ISDOOR		       1
EX_CLOSED		       2
EX_LOCKED		       4
EX_BASHED		      8
EX_BASHPROOF		     16
EX_PICKPROOF			 32
EX_PASSPROOF		     64

DIR_NORTH		       0
DIR_EAST		      1
DIR_SOUTH		       2
DIR_WEST		      3
DIR_UP				    4
DIR_DOWN		      5


SECT_INSIDE			 0
SECT_CITY		       1
SECT_FIELD			2
SECT_FOREST			 3
SECT_HILLS			4
SECT_MOUNTAIN			   5
SECT_WATER_SWIM			     6
SECT_WATER_NOSWIM	       7
SECT_UNDERWATER		       8
SECT_AIR		      9
SECT_DESERT			10
#EndSymbol
