help.are
olc.hlp
limbo.are
smurf.are
ocean.are
plains.are
purgator.are
ofcol2.are
olympus.are
air.are
shire.are
hitower.are
gnome.are
wyvern.are
haven.are
astral.are
catacomb.are
hood.are
draconia.are
mahntor.are
ultima.are
robber.are
trollden.are
firenewt.are
skarabrae.are
chapel.are
midennir.are
grave.are
school.are
./TestArea/rats.are
moria.are
bandit.are
forest.are
circus.are
mtnaytil.are
naytil.are
mist.are
juargan.are
eastern.are
drow.are
thalos.are
mirror.are
ofcol.are
firetop.are
arachnos.are
haon.are
dwarven.are
daycare.are
sewer.are
valley.are
redferne.are
wander.are
mirage.are
mega1.are
nirvana.are
castle.are
marsh.are
dream.are
grove.are
dead.are
dylan.are
canyon.are
saintarea.are
slum.are
pyramid.are
cult.are
tree.are
crystal.are
solace.are
murky.are
immhall.are
jdmain.are
highland.are
./TestArea/baneparadise.are
greenwoods.are
eternity.are
./TestArea/elftown-test.are
./TestArea/kobold_cave.are
warrior.are
hobbitcity.are
devileye.are
dragonbay.are
deepland.are
dungeon.are
prehist.are
maple.are
goblins.are
mythdale.are
mythforest.are
mythruins.are
rakshasa.are
mythtowers.are
enclave.are
beholder.are
shaolin.are
thoran.are
taboo.are
commerce.are
gtown.are
mistocean.are
ghouse.are
areawriter.are
kashoe.are
sealevil.are
snowcastle.are
muppet.are
cemetery.are
sandrock.are
labyrinth.are
under.are
lostforest.are
ageemephy.are
mirkwood.are
malathar.are
xian.are
duran.are
zener.are
bell.are
jewei.are
western.are
kittens.are
ryoko.are
say.are
blackrose.are
rebel.are
./TestArea/daemon_world_entrance.are
$
